
Discarded input sections

 .group         0x00000000        0xc main.o
 .group         0x00000000        0xc main.o
 .group         0x00000000        0xc main.o
 .group         0x00000000        0xc main.o
 .group         0x00000000        0xc main.o
 .group         0x00000000        0xc main.o
 .text          0x00000000        0x0 main.o
 .data          0x00000000        0x0 main.o
 .bss           0x00000000        0x0 main.o
 .group         0x00000000        0xc runtime.o
 .group         0x00000000        0xc runtime.o
 .text          0x00000000        0x0 runtime.o
 .data          0x00000000        0x0 runtime.o
 .bss           0x00000000        0x0 runtime.o
 .text.copy_data
                0x00000000       0x40 runtime.o
 .text.zero_bss
                0x00000000       0x34 runtime.o
 .text.SystemInit
                0x00000000        0xc runtime.o
 .debug_info    0x00000000      0x113 runtime.o
 .debug_abbrev  0x00000000       0xbf runtime.o
 .debug_aranges
                0x00000000       0x30 runtime.o
 .debug_rnglists
                0x00000000       0x1f runtime.o
 .debug_macro   0x00000000       0x24 runtime.o
 .debug_macro   0x00000000      0xad8 runtime.o
 .debug_macro   0x00000000      0x523 runtime.o
 .debug_line    0x00000000      0x150 runtime.o
 .debug_str     0x00000000     0x3fb8 runtime.o
 .comment       0x00000000       0x46 runtime.o
 .debug_frame   0x00000000       0x80 runtime.o
 .ARM.attributes
                0x00000000       0x2d runtime.o
 .data          0x00000000        0x0 startup.o
 .bss           0x00000000        0x0 startup.o

Memory Configuration

Name             Origin             Length             Attributes
FLASH            0x00000000         0x00040000         xr
RAM              0x20000000         0x00010000         xrw
*default*        0x00000000         0xffffffff

Linker script and memory map

LOAD main.o
LOAD runtime.o
LOAD startup.o
START GROUP
LOAD /home/shelton/toolchains/arm-gnu-toolchain-15.2.rel1-aarch64-arm-none-eabi/bin/../lib/gcc/arm-none-eabi/15.2.1/libgcc.a
LOAD /home/shelton/toolchains/arm-gnu-toolchain-15.2.rel1-aarch64-arm-none-eabi/bin/../lib/gcc/arm-none-eabi/15.2.1/../../../../arm-none-eabi/lib/libc.a
END GROUP
                0x000000e2                        _sidata = LOADADDR (.data)

.text           0x00000000       0xe2
 *(.isr_vector)
 .isr_vector    0x00000000       0xc0 startup.o
 *(.text*)
 .text.SVC_Handler
                0x000000c0        0x2 main.o
                0x000000c0                SVC_Handler
 .text.main     0x000000c2        0x8 main.o
                0x000000c2                main
 .text          0x000000ca       0x18 startup.o
                0x000000ca                Reset_Handler
 *(.rodata*)

.glue_7         0x000000e4        0x0
 .glue_7        0x000000e4        0x0 linker stubs

.glue_7t        0x000000e4        0x0
 .glue_7t       0x000000e4        0x0 linker stubs

.vfp11_veneer   0x000000e4        0x0
 .vfp11_veneer  0x000000e4        0x0 linker stubs

.v4_bx          0x000000e4        0x0
 .v4_bx         0x000000e4        0x0 linker stubs

.iplt           0x000000e4        0x0
 .iplt          0x000000e4        0x0 startup.o

.rel.dyn        0x000000e4        0x0
 .rel.iplt      0x000000e4        0x0 startup.o

.data           0x20000000        0x0 load address 0x000000e2
                0x20000000                        _sdata = .
 *(.data*)
                0x20000000                        _edata = .

.igot.plt       0x20000000        0x0 load address 0x000000e2
 .igot.plt      0x20000000        0x0 startup.o

.bss            0x20000000        0x0 load address 0x000000e2
                0x20000000                        _sbss = .
 *(.bss*)
 *(COMMON)
                0x20000000                        _ebss = .
OUTPUT(lab06_startup_runtime.elf elf32-littlearm)
LOAD linker stubs

.debug_info     0x00000000       0xc2
 .debug_info    0x00000000       0x9e main.o
 .debug_info    0x0000009e       0x24 startup.o

.debug_abbrev   0x00000000       0x7a
 .debug_abbrev  0x00000000       0x66 main.o
 .debug_abbrev  0x00000066       0x14 startup.o

.debug_aranges  0x00000000       0x48
 .debug_aranges
                0x00000000       0x28 main.o
 .debug_aranges
                0x00000028       0x20 startup.o

.debug_rnglists
                0x00000000       0x19
 .debug_rnglists
                0x00000000       0x19 main.o

.debug_macro    0x00000000     0x1c77
 .debug_macro   0x00000000       0x50 main.o
 .debug_macro   0x00000050      0xad8 main.o
 .debug_macro   0x00000b28      0x523 main.o
 .debug_macro   0x0000104b       0x22 main.o
 .debug_macro   0x0000106d       0x3a main.o
 .debug_macro   0x000010a7       0x2d main.o
 .debug_macro   0x000010d4      0xba3 main.o

.debug_line     0x00000000      0x1e8
 .debug_line    0x00000000      0x195 main.o
 .debug_line    0x00000195       0x53 startup.o

.debug_str      0x00000000     0x8349
 .debug_str     0x00000000     0x8349 main.o
                               0x86d2 (size before relaxing)
 .debug_str     0x00008349        0x0 startup.o
                                 0x9e (size before relaxing)

.comment        0x00000000       0x45
 .comment       0x00000000       0x45 main.o
                                 0x46 (size before relaxing)

.ARM.attributes
                0x00000000       0x2b
 .ARM.attributes
                0x00000000       0x2d main.o
 .ARM.attributes
                0x0000002d       0x21 startup.o

.debug_frame    0x00000000       0x38
 .debug_frame   0x00000000       0x38 main.o

.debug_line_str
                0x00000000       0x90
 .debug_line_str
                0x00000000       0x90 startup.o
