
Discarded input sections

 .group         0x00000000        0xc main.o
 .group         0x00000000        0xc main.o
 .group         0x00000000        0xc main.o
 .group         0x00000000        0xc main.o
 .group         0x00000000        0xc main.o
 .group         0x00000000        0xc main.o
 .text          0x00000000        0x0 main.o
 .data          0x00000000        0x0 main.o
 .bss           0x00000000        0x0 main.o
 .data          0x00000000        0x0 startup.o
 .bss           0x00000000        0x0 startup.o

Memory Configuration

Name             Origin             Length             Attributes
FLASH            0x00000000         0x00040000         xr
RAM              0x20000000         0x00010000         xrw
*default*        0x00000000         0xffffffff

Linker script and memory map

LOAD main.o
LOAD startup.o
START GROUP
LOAD /home/shelton/toolchains/arm-gnu-toolchain-15.2.rel1-aarch64-arm-none-eabi/bin/../lib/gcc/arm-none-eabi/15.2.1/libgcc.a
LOAD /home/shelton/toolchains/arm-gnu-toolchain-15.2.rel1-aarch64-arm-none-eabi/bin/../lib/gcc/arm-none-eabi/15.2.1/../../../../arm-none-eabi/lib/libc.a
END GROUP
                0x00000138                        _sidata = LOADADDR (.data)

.text           0x00000000      0x138
 *(.isr_vector)
 .isr_vector    0x00000000       0xc0 startup.o
 *(.text*)
 .text.SVC_Handler
                0x000000c0        0x2 main.o
                0x000000c0                SVC_Handler
 *fill*         0x000000c2        0x2 
 .text.main     0x000000c4       0x5c main.o
                0x000000c4                main
 .text          0x00000120       0x18 startup.o
                0x00000120                Reset_Handler
 *(.rodata*)

.glue_7         0x00000138        0x0
 .glue_7        0x00000138        0x0 linker stubs

.glue_7t        0x00000138        0x0
 .glue_7t       0x00000138        0x0 linker stubs

.vfp11_veneer   0x00000138        0x0
 .vfp11_veneer  0x00000138        0x0 linker stubs

.v4_bx          0x00000138        0x0
 .v4_bx         0x00000138        0x0 linker stubs

.iplt           0x00000138        0x0
 .iplt          0x00000138        0x0 main.o

.rel.dyn        0x00000138        0x0
 .rel.iplt      0x00000138        0x0 main.o

.data           0x20000000        0x0 load address 0x00000138
                0x20000000                        _sdata = .
 *(.data*)
                0x20000000                        _edata = .

.igot.plt       0x20000000        0x0 load address 0x00000138
 .igot.plt      0x20000000        0x0 main.o

.bss            0x20000000       0x14 load address 0x00000138
                0x20000000                        _sbss = .
 *(.bss*)
 .bss.g_control
                0x20000000        0x4 main.o
                0x20000000                g_control
 .bss.g_primask
                0x20000004        0x4 main.o
                0x20000004                g_primask
 .bss.g_ipsr    0x20000008        0x4 main.o
                0x20000008                g_ipsr
 .bss.g_msp     0x2000000c        0x4 main.o
                0x2000000c                g_msp
 .bss.g_psp     0x20000010        0x4 main.o
                0x20000010                g_psp
 *(COMMON)
                0x20000014                        _ebss = .
OUTPUT(lab01_core_registers.elf elf32-littlearm)
LOAD linker stubs

.debug_info     0x00000000      0x23a
 .debug_info    0x00000000      0x216 main.o
 .debug_info    0x00000216       0x24 startup.o

.debug_abbrev   0x00000000      0x110
 .debug_abbrev  0x00000000       0xfc main.o
 .debug_abbrev  0x000000fc       0x14 startup.o

.debug_aranges  0x00000000       0x48
 .debug_aranges
                0x00000000       0x28 main.o
 .debug_aranges
                0x00000028       0x20 startup.o

.debug_rnglists
                0x00000000       0x19
 .debug_rnglists
                0x00000000       0x19 main.o

.debug_macro    0x00000000     0x1c77
 .debug_macro   0x00000000       0x50 main.o
 .debug_macro   0x00000050      0xad8 main.o
 .debug_macro   0x00000b28      0x523 main.o
 .debug_macro   0x0000104b       0x22 main.o
 .debug_macro   0x0000106d       0x3a main.o
 .debug_macro   0x000010a7       0x2d main.o
 .debug_macro   0x000010d4      0xba3 main.o

.debug_line     0x00000000      0x25d
 .debug_line    0x00000000      0x20a main.o
 .debug_line    0x0000020a       0x53 startup.o

.debug_str      0x00000000     0x83ba
 .debug_str     0x00000000     0x83ba main.o
                               0x8743 (size before relaxing)
 .debug_str     0x000083ba        0x0 startup.o
                                 0x9d (size before relaxing)

.comment        0x00000000       0x45
 .comment       0x00000000       0x45 main.o
                                 0x46 (size before relaxing)

.ARM.attributes
                0x00000000       0x2b
 .ARM.attributes
                0x00000000       0x2d main.o
 .ARM.attributes
                0x0000002d       0x21 startup.o

.debug_frame    0x00000000       0x40
 .debug_frame   0x00000000       0x40 main.o

.debug_line_str
                0x00000000       0x8f
 .debug_line_str
                0x00000000       0x8f startup.o
