
Discarded input sections

 .group         0x00000000        0xc main.o
 .group         0x00000000        0xc main.o
 .group         0x00000000        0xc main.o
 .group         0x00000000        0xc main.o
 .group         0x00000000        0xc main.o
 .group         0x00000000        0xc main.o
 .text          0x00000000        0x0 main.o
 .data          0x00000000        0x0 main.o
 .bss           0x00000000        0x0 main.o
 .data          0x00000000        0x0 startup.o
 .bss           0x00000000        0x0 startup.o

Memory Configuration

Name             Origin             Length             Attributes
FLASH            0x00000000         0x00040000         xr
RAM              0x20000000         0x00010000         xrw
*default*        0x00000000         0xffffffff

Linker script and memory map

LOAD main.o
LOAD startup.o
START GROUP
LOAD /home/shelton/toolchains/arm-gnu-toolchain-15.2.rel1-aarch64-arm-none-eabi/bin/../lib/gcc/arm-none-eabi/15.2.1/libgcc.a
LOAD /home/shelton/toolchains/arm-gnu-toolchain-15.2.rel1-aarch64-arm-none-eabi/bin/../lib/gcc/arm-none-eabi/15.2.1/../../../../arm-none-eabi/lib/libc.a
END GROUP
                0x00000244                        _sidata = LOADADDR (.data)

.text           0x00000000      0x244
 *(.isr_vector)
 .isr_vector    0x00000000       0xc0 startup.o
 *(.text*)
 .text.DumpSpecialRegisters
                0x000000c0       0x3c main.o
 .text.Trigger_SVC
                0x000000fc       0x1e main.o
 .text.SVC_Handler
                0x0000011a       0x18 main.o
                0x0000011a                SVC_Handler
 *fill*         0x00000132        0x2 
 .text.SVC_Handler_C
                0x00000134       0x48 main.o
                0x00000134                SVC_Handler_C
 .text.main     0x0000017c       0xb0 main.o
                0x0000017c                main
 .text          0x0000022c       0x18 startup.o
                0x0000022c                Reset_Handler
 *(.rodata*)

.glue_7         0x00000244        0x0
 .glue_7        0x00000244        0x0 linker stubs

.glue_7t        0x00000244        0x0
 .glue_7t       0x00000244        0x0 linker stubs

.vfp11_veneer   0x00000244        0x0
 .vfp11_veneer  0x00000244        0x0 linker stubs

.v4_bx          0x00000244        0x0
 .v4_bx         0x00000244        0x0 linker stubs

.iplt           0x00000244        0x0
 .iplt          0x00000244        0x0 main.o

.rel.dyn        0x00000244        0x0
 .rel.iplt      0x00000244        0x0 main.o

.data           0x20000000        0x0 load address 0x00000244
                0x20000000                        _sdata = .
 *(.data*)
                0x20000000                        _edata = .

.igot.plt       0x20000000        0x0 load address 0x00000244
 .igot.plt      0x20000000        0x0 main.o

.bss            0x20000000      0x14c load address 0x00000244
                0x20000000                        _sbss = .
 *(.bss*)
 .bss.dump      0x20000000       0x20 main.o
                0x20000000                dump
 .bss.exc_return
                0x20000020        0x4 main.o
                0x20000020                exc_return
 .bss.control_before
                0x20000024        0x4 main.o
                0x20000024                control_before
 .bss.control_after
                0x20000028        0x4 main.o
                0x20000028                control_after
 .bss.msp_before
                0x2000002c        0x4 main.o
                0x2000002c                msp_before
 .bss.psp_before
                0x20000030        0x4 main.o
                0x20000030                psp_before
 .bss.msp_after
                0x20000034        0x4 main.o
                0x20000034                msp_after
 .bss.psp_after
                0x20000038        0x4 main.o
                0x20000038                psp_after
 .bss.debug_control
                0x2000003c        0x4 main.o
                0x2000003c                debug_control
 .bss.debug_psp
                0x20000040        0x4 main.o
                0x20000040                debug_psp
 .bss.debug_msp
                0x20000044        0x4 main.o
                0x20000044                debug_msp
 .bss.debug_ipsr
                0x20000048        0x4 main.o
                0x20000048                debug_ipsr
 .bss.process_stack
                0x2000004c      0x100 main.o
 *(COMMON)
                0x2000014c                        _ebss = .
OUTPUT(lab05_privilege_stack.elf elf32-littlearm)
LOAD linker stubs

.debug_info     0x00000000      0x418
 .debug_info    0x00000000      0x3f4 main.o
 .debug_info    0x000003f4       0x24 startup.o

.debug_abbrev   0x00000000      0x203
 .debug_abbrev  0x00000000      0x1ef main.o
 .debug_abbrev  0x000001ef       0x14 startup.o

.debug_aranges  0x00000000       0x60
 .debug_aranges
                0x00000000       0x40 main.o
 .debug_aranges
                0x00000040       0x20 startup.o

.debug_rnglists
                0x00000000       0x2c
 .debug_rnglists
                0x00000000       0x2c main.o

.debug_macro    0x00000000     0x1c77
 .debug_macro   0x00000000       0x50 main.o
 .debug_macro   0x00000050      0xad8 main.o
 .debug_macro   0x00000b28      0x523 main.o
 .debug_macro   0x0000104b       0x22 main.o
 .debug_macro   0x0000106d       0x3a main.o
 .debug_macro   0x000010a7       0x2d main.o
 .debug_macro   0x000010d4      0xba3 main.o

.debug_line     0x00000000      0x327
 .debug_line    0x00000000      0x2d4 main.o
 .debug_line    0x000002d4       0x53 startup.o

.debug_str      0x00000000     0x8469
 .debug_str     0x00000000     0x8469 main.o
                               0x8800 (size before relaxing)
 .debug_str     0x00008469        0x0 startup.o
                                 0x9e (size before relaxing)

.comment        0x00000000       0x45
 .comment       0x00000000       0x45 main.o
                                 0x46 (size before relaxing)

.ARM.attributes
                0x00000000       0x2b
 .ARM.attributes
                0x00000000       0x2d main.o
 .ARM.attributes
                0x0000002d       0x21 startup.o

.debug_frame    0x00000000       0xa8
 .debug_frame   0x00000000       0xa8 main.o

.debug_line_str
                0x00000000       0x90
 .debug_line_str
                0x00000000       0x90 startup.o
