
Discarded input sections

 .group         0x00000000        0xc main.o
 .group         0x00000000        0xc main.o
 .group         0x00000000        0xc main.o
 .group         0x00000000        0xc main.o
 .group         0x00000000        0xc main.o
 .group         0x00000000        0xc main.o
 .text          0x00000000        0x0 main.o
 .data          0x00000000        0x0 main.o
 .bss           0x00000000        0x0 main.o
 .data          0x00000000        0x0 startup.o
 .bss           0x00000000        0x0 startup.o

Memory Configuration

Name             Origin             Length             Attributes
FLASH            0x00000000         0x00040000         xr
RAM              0x20000000         0x00010000         xrw
*default*        0x00000000         0xffffffff

Linker script and memory map

LOAD main.o
LOAD startup.o
START GROUP
LOAD /home/shelton/toolchains/arm-gnu-toolchain-15.2.rel1-aarch64-arm-none-eabi/bin/../lib/gcc/arm-none-eabi/15.2.1/libgcc.a
LOAD /home/shelton/toolchains/arm-gnu-toolchain-15.2.rel1-aarch64-arm-none-eabi/bin/../lib/gcc/arm-none-eabi/15.2.1/../../../../arm-none-eabi/lib/libc.a
END GROUP
                0x00000154                        _sidata = LOADADDR (.data)

.text           0x00000000      0x154
 *(.isr_vector)
 .isr_vector    0x00000000       0xc0 startup.o
 *(.text*)
 .text.CriticalSection
                0x000000c0       0x28 main.o
 .text.SVC_Handler
                0x000000e8        0x2 main.o
                0x000000e8                SVC_Handler
 *fill*         0x000000ea        0x2 
 .text.main     0x000000ec       0x50 main.o
                0x000000ec                main
 .text          0x0000013c       0x18 startup.o
                0x0000013c                Reset_Handler
 *(.rodata*)

.glue_7         0x00000154        0x0
 .glue_7        0x00000154        0x0 linker stubs

.glue_7t        0x00000154        0x0
 .glue_7t       0x00000154        0x0 linker stubs

.vfp11_veneer   0x00000154        0x0
 .vfp11_veneer  0x00000154        0x0 linker stubs

.v4_bx          0x00000154        0x0
 .v4_bx         0x00000154        0x0 linker stubs

.iplt           0x00000154        0x0
 .iplt          0x00000154        0x0 main.o

.rel.dyn        0x00000154        0x0
 .rel.iplt      0x00000154        0x0 main.o

.data           0x20000000        0x0 load address 0x00000154
                0x20000000                        _sdata = .
 *(.data*)
                0x20000000                        _edata = .

.igot.plt       0x20000000        0x0 load address 0x00000154
 .igot.plt      0x20000000        0x0 main.o

.bss            0x20000000        0xc load address 0x00000154
                0x20000000                        _sbss = .
 *(.bss*)
 .bss.g_before  0x20000000        0x4 main.o
                0x20000000                g_before
 .bss.g_after_disable
                0x20000004        0x4 main.o
                0x20000004                g_after_disable
 .bss.g_after_restore
                0x20000008        0x4 main.o
                0x20000008                g_after_restore
 *(COMMON)
                0x2000000c                        _ebss = .
OUTPUT(lab02_interrupt_control.elf elf32-littlearm)
LOAD linker stubs

.debug_info     0x00000000      0x1d6
 .debug_info    0x00000000      0x1b2 main.o
 .debug_info    0x000001b2       0x24 startup.o

.debug_abbrev   0x00000000      0x14a
 .debug_abbrev  0x00000000      0x136 main.o
 .debug_abbrev  0x00000136       0x14 startup.o

.debug_aranges  0x00000000       0x50
 .debug_aranges
                0x00000000       0x30 main.o
 .debug_aranges
                0x00000030       0x20 startup.o

.debug_rnglists
                0x00000000       0x1f
 .debug_rnglists
                0x00000000       0x1f main.o

.debug_macro    0x00000000     0x1c77
 .debug_macro   0x00000000       0x50 main.o
 .debug_macro   0x00000050      0xad8 main.o
 .debug_macro   0x00000b28      0x523 main.o
 .debug_macro   0x0000104b       0x22 main.o
 .debug_macro   0x0000106d       0x3a main.o
 .debug_macro   0x000010a7       0x2d main.o
 .debug_macro   0x000010d4      0xba3 main.o

.debug_line     0x00000000      0x271
 .debug_line    0x00000000      0x21e main.o
 .debug_line    0x0000021e       0x53 startup.o

.debug_str      0x00000000     0x83bd
 .debug_str     0x00000000     0x83bd main.o
                               0x8746 (size before relaxing)
 .debug_str     0x000083bd        0x0 startup.o
                                 0xa0 (size before relaxing)

.comment        0x00000000       0x45
 .comment       0x00000000       0x45 main.o
                                 0x46 (size before relaxing)

.ARM.attributes
                0x00000000       0x2b
 .ARM.attributes
                0x00000000       0x2d main.o
 .ARM.attributes
                0x0000002d       0x21 startup.o

.debug_frame    0x00000000       0x68
 .debug_frame   0x00000000       0x68 main.o

.debug_line_str
                0x00000000       0x92
 .debug_line_str
                0x00000000       0x92 startup.o
